// Jest Snapshot v1, https://goo.gl/fbAQLP

exports[`Test <NewsAngularGrid/> Match with snapshot 1`] = `
<div>
  <div
    class="container-box-news"
  />
</div>
`;
